I'm sorry, but errors were detected in your script. Please correct the
errors listed below, and try again.


File "game/script.rpy", line 133: expected menuitem
    return
    ^

Ren'Py Version: Ren'Py 8.2.3.24061702
Tue Jul  9 16:14:16 2024
